// Jest Snapshot v1, https://goo.gl/fbAQLP

exports[`basic jest examples determines whether two objects/arrays are same 1`] = `
Array [
  "bratislava",
  "bystrica",
  "kosice",
]
`;
